Component: ARM Compiler 5.06 update 5 (build 528) Tool: armlink [4d35e2]

==============================================================================

Section Cross References

    cmd.o(.text) refers to memseta.o(.text) for __aeabi_memclr4
    cmd.o(.text) refers to strstr.o(.text) for strstr
    cmd.o(.text) refers to strlen.o(.text) for strlen
    cmd.o(.text) refers to hal_usart.o(.text) for _dbg_printf
    cmd.o(.text) refers to cmd_fn.o(.constdata) for known_commands
    cmd_fn.o(.text) refers to memseta.o(.text) for __aeabi_memclr4
    cmd_fn.o(.text) refers to printfa.o(i.__0sprintf) for __2sprintf
    cmd_fn.o(.text) refers to strlen.o(.text) for strlen
    cmd_fn.o(.text) refers to generic_cmd.o(.text) for port_tx_msg
    cmd_fn.o(.text) refers to generic.o(.text) for App_Module_Sys_Write_NVM
    cmd_fn.o(.text) refers to hal_usart.o(.text) for _dbg_printf
    cmd_fn.o(.text) refers to hal_timer.o(.text) for HalDelay_nMs
    cmd_fn.o(.text) refers to atoi.o(.text) for atoi
    cmd_fn.o(.text) refers to tag.o(.text) for tag_start
    cmd_fn.o(.text) refers to node.o(.text) for node_start
    cmd_fn.o(.text) refers to oled_i2c.o(.text) for OLED_CLS
    cmd_fn.o(.text) refers to atof.o(i.atof) for atof
    cmd_fn.o(.text) refers to d2f.o(.text) for __aeabi_d2f
    cmd_fn.o(.text) refers to f2d.o(.text) for __aeabi_f2d
    cmd_fn.o(.text) refers to lis2dh12.o(.text) for drv_lis2dh12_get_angle
    cmd_fn.o(.text) refers to generic.o(.data) for sys_para
    cmd_fn.o(.text) refers to config.o(.data) for app
    cmd_fn.o(.text) refers to cmd_fn.o(.conststring) for .conststring
    cmd_fn.o(.text) refers to hal_led.o(.text) for flow_light
    cmd_fn.o(.text) refers to tag_list.o(.text) for getDList
    cmd_fn.o(.text) refers to printfa.o(i.__0snprintf) for __2snprintf
    cmd_fn.o(.text) refers to strtoull.o(.text) for strtoull
    cmd_fn.o(.text) refers to strtoul.o(.text) for strtoul
    cmd_fn.o(.text) refers to cmd_fn.o(.data) for .data
    cmd_fn.o(.constdata) refers to cmd_fn.o(.conststring) for .conststring
    cmd_fn.o(.constdata) refers to cmd_fn.o(.text) for f_getver
    generic.o(.text) refers to hal_usart.o(.text) for _dbg_printf
    generic.o(.text) refers to memcpya.o(.text) for __aeabi_memcpy4
    generic.o(.text) refers to hal_timer.o(.text) for HalDelay_nMs
    generic.o(.text) refers to hal_flash.o(.text) for HalWrite_Flash
    generic.o(.text) refers to stm32f10x_gpio.o(.text) for GPIO_PinRemapConfig
    generic.o(.text) refers to generic_cmd.o(.text) for App_Module_CMD_Queue_Init
    generic.o(.text) refers to hal_led.o(.text) for HalLed_Mode_Set
    generic.o(.text) refers to generic.o(.data) for .data
    generic_cmd.o(.text) refers to memseta.o(.text) for __aeabi_memclr4
    generic_cmd.o(.text) refers to osal.o(.text) for osal_CreateQueue
    generic_cmd.o(.text) refers to hal_usb.o(.text) for HalUsbRead
    generic_cmd.o(.text) refers to cmd.o(.text) for command_parser
    generic_cmd.o(.text) refers to ait_cmd.o(.text) for at_cmd_recv
    generic_cmd.o(.text) refers to memcpya.o(.text) for __aeabi_memcpy
    generic_cmd.o(.text) refers to hal_usart.o(.text) for USART1_SendBuffer
    generic_cmd.o(.text) refers to stm32f10x_dma.o(.text) for DMA_GetITStatus
    generic_cmd.o(.text) refers to generic_cmd.o(.bss) for .bss
    generic_cmd.o(.text) refers to generic_cmd.o(.data) for .data
    generic_cmd.o(.text) refers to generic.o(.data) for sys_para
    generic_cmd.o(.text) refers to hal_usart.o(.data) for USART1_DMA_RX_BYTE
    user_out.o(.text) refers to dfltui.o(.text) for __aeabi_ui2d
    user_out.o(.text) refers to ddiv.o(.text) for __aeabi_ddiv
    user_out.o(.text) refers to hal_usart.o(.text) for _dbg_printf
    user_out.o(.text) refers to f2d.o(.text) for __aeabi_f2d
    user_out.o(.text) refers to user_out.o(.data) for .data
    app_smart_lock.o(.text) refers to stm32f10x_usart.o(.text) for USART_GetFlagStatus
    app_smart_lock.o(.text) refers to hal_servo.o(.text) for Servo_Init
    app_smart_lock.o(.text) refers to printfa.o(i.__0printf) for __2printf
    app_smart_lock.o(.text) refers to printfa.o(i.__0sprintf) for __2sprintf
    app_smart_lock.o(.text) refers to app_smart_lock.o(.bss) for .bss
    app_smart_lock.o(.text) refers to app_smart_lock.o(.data) for .data
    app_smart_lock.o(.text) refers to stm32f10x_it.o(.data) for g_system_time_ms
    app_smart_lock.o(.text) refers to hal_gps.o(.data) for g_GPS_CurrentData
    hal_drivers.o(.text) refers to misc.o(.text) for NVIC_PriorityGroupConfig
    hal_drivers.o(.text) refers to hal_timer.o(.text) for HalTimerInit
    hal_drivers.o(.text) refers to hal_flash.o(.text) for HalFlashInit
    hal_drivers.o(.text) refers to generic.o(.text) for App_Module_Sys_Read_NVM
    hal_drivers.o(.text) refers to hal_led.o(.text) for HalLedInit
    hal_drivers.o(.text) refers to hal_usart.o(.text) for HalUARTInit
[...]
    RCC_RTCCLKCmd                            0x0800802d   Thumb Code     8  stm32f10x_rcc.o(.text)
    RCC_GetClocksFreq                        0x08008035   Thumb Code   128  stm32f10x_rcc.o(.text)
    RCC_AHBPeriphClockCmd                    0x080080b5   Thumb Code    18  stm32f10x_rcc.o(.text)
    RCC_APB2PeriphClockCmd                   0x080080c7   Thumb Code    18  stm32f10x_rcc.o(.text)
    RCC_APB1PeriphClockCmd                   0x080080d9   Thumb Code    18  stm32f10x_rcc.o(.text)
    RCC_APB2PeriphResetCmd                   0x080080eb   Thumb Code    18  stm32f10x_rcc.o(.text)
    RCC_APB1PeriphResetCmd                   0x080080fd   Thumb Code    18  stm32f10x_rcc.o(.text)
    RCC_BackupResetCmd                       0x0800810f   Thumb Code     8  stm32f10x_rcc.o(.text)
    RCC_ClockSecuritySystemCmd               0x08008117   Thumb Code     6  stm32f10x_rcc.o(.text)
    RCC_MCOConfig                            0x0800811d   Thumb Code     6  stm32f10x_rcc.o(.text)
    RCC_ClearFlag                            0x08008123   Thumb Code    12  stm32f10x_rcc.o(.text)
    RCC_GetITStatus                          0x0800812f   Thumb Code    16  stm32f10x_rcc.o(.text)
    RCC_ClearITPendingBit                    0x0800813f   Thumb Code     6  stm32f10x_rcc.o(.text)
    SPI_I2S_DeInit                           0x08008165   Thumb Code    72  stm32f10x_spi.o(.text)
    SPI_Init                                 0x080081ad   Thumb Code    56  stm32f10x_spi.o(.text)
    I2S_Init                                 0x080081e5   Thumb Code   152  stm32f10x_spi.o(.text)
    SPI_StructInit                           0x0800827d   Thumb Code    24  stm32f10x_spi.o(.text)
    I2S_StructInit                           0x08008295   Thumb Code    18  stm32f10x_spi.o(.text)
    SPI_Cmd                                  0x080082a7   Thumb Code    20  stm32f10x_spi.o(.text)
    I2S_Cmd                                  0x080082bb   Thumb Code    20  stm32f10x_spi.o(.text)
    SPI_I2S_ITConfig                         0x080082cf   Thumb Code    24  stm32f10x_spi.o(.text)
    SPI_I2S_DMACmd                           0x080082e7   Thumb Code    16  stm32f10x_spi.o(.text)
    SPI_I2S_SendData                         0x080082f7   Thumb Code     4  stm32f10x_spi.o(.text)
    SPI_I2S_ReceiveData                      0x080082fb   Thumb Code     4  stm32f10x_spi.o(.text)
    SPI_NSSInternalSoftwareConfig            0x080082ff   Thumb Code    24  stm32f10x_spi.o(.text)
    SPI_SSOutputCmd                          0x08008317   Thumb Code    20  stm32f10x_spi.o(.text)
    SPI_DataSizeConfig                       0x0800832b   Thumb Code    16  stm32f10x_spi.o(.text)
    SPI_TransmitCRC                          0x0800833b   Thumb Code    10  stm32f10x_spi.o(.text)
    SPI_CalculateCRC                         0x08008345   Thumb Code    20  stm32f10x_spi.o(.text)
    SPI_GetCRC                               0x08008359   Thumb Code    12  stm32f10x_spi.o(.text)
    SPI_GetCRCPolynomial                     0x08008365   Thumb Code     4  stm32f10x_spi.o(.text)
    SPI_BiDirectionalLineConfig              0x08008369   Thumb Code    22  stm32f10x_spi.o(.text)
    SPI_I2S_GetFlagStatus                    0x0800837f   Thumb Code    14  stm32f10x_spi.o(.text)
    SPI_I2S_ClearFlag                        0x0800838d   Thumb Code     6  stm32f10x_spi.o(.text)
    SPI_I2S_GetITStatus                      0x08008393   Thumb Code    42  stm32f10x_spi.o(.text)
    SPI_I2S_ClearITPendingBit                0x080083bd   Thumb Code    14  stm32f10x_spi.o(.text)
    TIM_DeInit                               0x080083d9   Thumb Code   304  stm32f10x_tim.o(.text)
    TIM_TimeBaseInit                         0x08008509   Thumb Code   114  stm32f10x_tim.o(.text)
    TIM_OC1Init                              0x0800857b   Thumb Code   106  stm32f10x_tim.o(.text)
    TIM_OC2Init                              0x080085e5   Thumb Code   120  stm32f10x_tim.o(.text)
    TIM_OC3Init                              0x0800865d   Thumb Code   116  stm32f10x_tim.o(.text)
    TIM_OC4Init                              0x080086d1   Thumb Code    90  stm32f10x_tim.o(.text)
    TIM_SetIC4Prescaler                      0x0800872b   Thumb Code    24  stm32f10x_tim.o(.text)
    TIM_SetIC3Prescaler                      0x08008743   Thumb Code    16  stm32f10x_tim.o(.text)
    TIM_SetIC2Prescaler                      0x08008753   Thumb Code    24  stm32f10x_tim.o(.text)
    TIM_SetIC1Prescaler                      0x08008811   Thumb Code    16  stm32f10x_tim.o(.text)
    TIM_ICInit                               0x08008879   Thumb Code   272  stm32f10x_tim.o(.text)
    TIM_PWMIConfig                           0x08008989   Thumb Code   104  stm32f10x_tim.o(.text)
    TIM_BDTRConfig                           0x080089f1   Thumb Code    34  stm32f10x_tim.o(.text)
    TIM_TimeBaseStructInit                   0x08008a13   Thumb Code    18  stm32f10x_tim.o(.text)
    TIM_OCStructInit                         0x08008a25   Thumb Code    20  stm32f10x_tim.o(.text)
    TIM_ICStructInit                         0x08008a39   Thumb Code    16  stm32f10x_tim.o(.text)
    TIM_BDTRStructInit                       0x08008a49   Thumb Code    18  stm32f10x_tim.o(.text)
    TIM_Cmd                                  0x08008a5b   Thumb Code    20  stm32f10x_tim.o(.text)
    TIM_CtrlPWMOutputs                       0x08008a6f   Thumb Code    22  stm32f10x_tim.o(.text)
    TIM_ITConfig                             0x08008a85   Thumb Code    16  stm32f10x_tim.o(.text)
    TIM_GenerateEvent                        0x08008a95   Thumb Code     4  stm32f10x_tim.o(.text)
    TIM_DMAConfig                            0x08008a99   Thumb Code     8  stm32f10x_tim.o(.text)
    TIM_DMACmd                               0x08008aa1   Thumb Code    16  stm32f10x_tim.o(.text)
    TIM_InternalClockConfig                  0x08008ab1   Thumb Code    10  stm32f10x_tim.o(.text)
    TIM_SelectInputTrigger                   0x08008abb   Thumb Code    12  stm32f10x_tim.o(.text)
    TIM_ITRxExternalClockConfig              0x08008ac7   Thumb Code    18  stm32f10x_tim.o(.text)
    TIM_TIxExternalClockConfig               0x08008ad9   Thumb Code    46  stm32f10x_tim.o(.text)
    TIM_ETRConfig                            0x08008b07   Thumb Code    24  stm32f10x_tim.o(.text)
    TIM_ETRClockMode1Config                  0x08008b1f   Thumb Code    18  stm32f10x_tim.o(.text)
    TIM_ETRClockMode2Config                  0x08008b31   Thumb Code    18  stm32f10x_tim.o(.text)
    TIM_PrescalerConfig                      0x08008b43   Thumb Code     6  stm32f10x_tim.o(.text)
    TIM_CounterModeConfig                    0x08008b49   Thumb Code    12  stm32f10x_tim.o(.text)
    TIM_EncoderInterfaceConfig               0x08008b55   Thumb Code    50  stm32f10x_tim.o(.text)
    TIM_ForcedOC1Config                      0x08008b87   Thumb Code    12  stm32f10x_tim.o(.text)
    TIM_ForcedOC2Config                      0x08008b93   Thumb Code    20  stm32f10x_tim.o(.text)
    TIM_ForcedOC3Config                      0x08008ba7   Thumb Code    12  stm32f10x_tim.o(.text)
    TIM_ForcedOC4Config                      0x08008bb3   Thumb Code    20  stm32f10x_tim.o(.text)
    TIM_ARRPreloadConfig                     0x08008bc7   Thumb Code    20  stm32f10x_tim.o(.text)
    TIM_SelectCOM                            0x08008bdb   Thumb Code    20  stm32f10x_tim.o(.text)
    TIM_SelectCCDMA                          0x08008bef   Thumb Code    20  stm32f10x_tim.o(.text)
    TIM_CCPreloadControl                     0x08008c03   Thumb Code    20  stm32f10x_tim.o(.text)
    TIM_OC1PreloadConfig                     0x08008c17   Thumb Code    34  stm32f10x_tim.o(.text)
    TIM_OC2PreloadConfig                     0x08008c39   Thumb Code    20  stm32f10x_tim.o(.text)
    TIM_OC3PreloadConfig                     0x08008c4d   Thumb Code    12  stm32f10x_tim.o(.text)
    TIM_OC4PreloadConfig                     0x08008c59   Thumb Code    20  stm32f10x_tim.o(.text)
    TIM_OC1FastConfig                        0x08008c6d   Thumb Code    12  stm32f10x_tim.o(.text)
    TIM_OC2FastConfig                        0x08008c79   Thumb Code    20  stm32f10x_tim.o(.text)
    TIM_OC3FastConfig                        0x08008c8d   Thumb Code    12  stm32f10x_tim.o(.text)
    TIM_OC4FastConfig                        0x08008c99   Thumb Code    20  stm32f10x_tim.o(.text)
    TIM_ClearOC1Ref                          0x08008cad   Thumb Code    12  stm32f10x_tim.o(.text)
    TIM_ClearOC2Ref                          0x08008cb9   Thumb Code    20  stm32f10x_tim.o(.text)
    TIM_ClearOC3Ref                          0x08008ccd   Thumb Code    12  stm32f10x_tim.o(.text)
    TIM_ClearOC4Ref                          0x08008cd9   Thumb Code    20  stm32f10x_tim.o(.text)
    TIM_OC1PolarityConfig                    0x08008ced   Thumb Code    12  stm32f10x_tim.o(.text)
    TIM_OC1NPolarityConfig                   0x08008cf9   Thumb Code    12  stm32f10x_tim.o(.text)
    TIM_OC2PolarityConfig                    0x08008d05   Thumb Code    20  stm32f10x_tim.o(.text)
    TIM_OC2NPolarityConfig                   0x08008d19   Thumb Code    20  stm32f10x_tim.o(.text)
    TIM_OC3PolarityConfig                    0x08008d2d   Thumb Code    20  stm32f10x_tim.o(.text)
    TIM_OC3NPolarityConfig                   0x08008d41   Thumb Code    20  stm32f10x_tim.o(.text)
    TIM_OC4PolarityConfig                    0x08008d55   Thumb Code    20  stm32f10x_tim.o(.text)
    TIM_CCxCmd                               0x08008d69   Thumb Code    22  stm32f10x_tim.o(.text)
    TIM_CCxNCmd                              0x08008d7f   Thumb Code    22  stm32f10x_tim.o(.text)
    TIM_SelectOCxM                           0x08008d95   Thumb Code    70  stm32f10x_tim.o(.text)
    TIM_UpdateDisableConfig                  0x08008ddb   Thumb Code    20  stm32f10x_tim.o(.text)
    TIM_UpdateRequestConfig                  0x08008def   Thumb Code    20  stm32f10x_tim.o(.text)
    TIM_SelectHallSensor                     0x08008e03   Thumb Code    20  stm32f10x_tim.o(.text)
    TIM_SelectOnePulseMode                   0x08008e17   Thumb Code    16  stm32f10x_tim.o(.text)
    TIM_SelectOutputTrigger                  0x08008e27   Thumb Code    16  stm32f10x_tim.o(.text)
    TIM_SelectSlaveMode                      0x08008e37   Thumb Code    16  stm32f10x_tim.o(.text)
    TIM_SelectMasterSlaveMode                0x08008e47   Thumb Code    16  stm32f10x_tim.o(.text)
    TIM_SetCounter                           0x08008e57   Thumb Code     4  stm32f10x_tim.o(.text)
    TIM_SetAutoreload                        0x08008e5b   Thumb Code     4  stm32f10x_tim.o(.text)
    TIM_SetCompare1                          0x08008e5f   Thumb Code     4  stm32f10x_tim.o(.text)
    TIM_SetCompare2                          0x08008e63   Thumb Code     4  stm32f10x_tim.o(.text)
    TIM_SetCompare3                          0x08008e67   Thumb Code     4  stm32f10x_tim.o(.text)
    TIM_SetCompare4                          0x08008e6b   Thumb Code     6  stm32f10x_tim.o(.text)
    TIM_SetClockDivision                     0x08008e71   Thumb Code    16  stm32f10x_tim.o(.text)
    TIM_GetCapture1                          0x08008e81   Thumb Code     4  stm32f10x_tim.o(.text)
    TIM_GetCapture2                          0x08008e85   Thumb Code     4  stm32f10x_tim.o(.text)
    TIM_GetCapture3                          0x08008e89   Thumb Code     4  stm32f10x_tim.o(.text)
    TIM_GetCapture4                          0x08008e8d   Thumb Code     6  stm32f10x_tim.o(.text)
    TIM_GetCounter                           0x08008e93   Thumb Code     4  stm32f10x_tim.o(.text)
    TIM_GetPrescaler                         0x08008e97   Thumb Code     4  stm32f10x_tim.o(.text)
    TIM_GetFlagStatus                        0x08008e9b   Thumb Code    14  stm32f10x_tim.o(.text)
    TIM_ClearFlag                            0x08008ea9   Thumb Code     6  stm32f10x_tim.o(.text)
    TIM_GetITStatus                          0x08008eaf   Thumb Code    24  stm32f10x_tim.o(.text)
    TIM_ClearITPendingBit                    0x08008ec7   Thumb Code     6  stm32f10x_tim.o(.text)
    USART_DeInit                             0x08008ecd   Thumb Code    96  stm32f10x_usart.o(.text)
    USART_Init                               0x08008f2d   Thumb Code   166  stm32f10x_usart.o(.text)
    USART_StructInit                         0x08008fd3   Thumb Code    22  stm32f10x_usart.o(.text)
    USART_ClockInit                          0x08008fe9   Thumb Code    30  stm32f10x_usart.o(.text)
    USART_ClockStructInit                    0x08009007   Thumb Code    12  stm32f10x_usart.o(.text)
    USART_Cmd                                0x08009013   Thumb Code    20  stm32f10x_usart.o(.text)
    USART_ITConfig                           0x08009027   Thumb Code    48  stm32f10x_usart.o(.text)
    USART_DMACmd                             0x08009057   Thumb Code    16  stm32f10x_usart.o(.text)
    USART_SetAddress                         0x08009067   Thumb Code    16  stm32f10x_usart.o(.text)
    USART_WakeUpConfig                       0x08009077   Thumb Code    16  stm32f10x_usart.o(.text)
    USART_ReceiverWakeUpCmd                  0x08009087   Thumb Code    20  stm32f10x_usart.o(.text)
    USART_LINBreakDetectLengthConfig         0x0800909b   Thumb Code    16  stm32f10x_usart.o(.text)
    USART_LINCmd                             0x080090ab   Thumb Code    20  stm32f10x_usart.o(.text)
    USART_SendData                           0x080090bf   Thumb Code     8  stm32f10x_usart.o(.text)
    USART_ReceiveData                        0x080090c7   Thumb Code     8  stm32f10x_usart.o(.text)
    USART_SendBreak                          0x080090cf   Thumb Code    10  stm32f10x_usart.o(.text)
    USART_SetGuardTime                       0x080090d9   Thumb Code    16  stm32f10x_usart.o(.text)
    USART_SetPrescaler                       0x080090e9   Thumb Code    16  stm32f10x_usart.o(.text)
    USART_SmartCardCmd                       0x080090f9   Thumb Code    20  stm32f10x_usart.o(.text)
    USART_SmartCardNACKCmd                   0x0800910d   Thumb Code    20  stm32f10x_usart.o(.text)
    USART_HalfDuplexCmd                      0x08009121   Thumb Code    20  stm32f10x_usart.o(.text)
    USART_OverSampling8Cmd                   0x08009135   Thumb Code    20  stm32f10x_usart.o(.text)
    USART_OneBitMethodCmd                    0x08009149   Thumb Code    20  stm32f10x_usart.o(.text)
    USART_IrDAConfig                         0x0800915d   Thumb Code    16  stm32f10x_usart.o(.text)
    USART_IrDACmd                            0x0800916d   Thumb Code    20  stm32f10x_usart.o(.text)
    USART_GetFlagStatus                      0x08009181   Thumb Code    14  stm32f10x_usart.o(.text)
    USART_ClearFlag                          0x0800918f   Thumb Code     6  stm32f10x_usart.o(.text)
    USART_GetITStatus                        0x08009195   Thumb Code    62  stm32f10x_usart.o(.text)
    USART_ClearITPendingBit                  0x080091d3   Thumb Code    12  stm32f10x_usart.o(.text)
    Reset_Handler                            0x080091f5   Thumb Code     8  startup_stm32f10x_md.o(.text)
    ADC1_2_IRQHandler                        0x0800920f   Thumb Code     0  startup_stm32f10x_md.o(.text)
    CAN1_RX1_IRQHandler                      0x0800920f   Thumb Code     0  startup_stm32f10x_md.o(.text)
    CAN1_SCE_IRQHandler                      0x0800920f   Thumb Code     0  startup_stm32f10x_md.o(.text)
    DMA1_Channel1_IRQHandler                 0x0800920f   Thumb Code     0  startup_stm32f10x_md.o(.text)
    DMA1_Channel2_IRQHandler                 0x0800920f   Thumb Code     0  startup_stm32f10x_md.o(.text)
    DMA1_Channel3_IRQHandler                 0x0800920f   Thumb Code     0  startup_stm32f10x_md.o(.text)
    DMA1_Channel6_IRQHandler                 0x0800920f   Thumb Code     0  startup_stm32f10x_md.o(.text)
    DMA1_Channel7_IRQHandler                 0x0800920f   Thumb Code     0  startup_stm32f10x_md.o(.text)
    EXTI0_IRQHandler                         0x0800920f   Thumb Code     0  startup_stm32f10x_md.o(.text)
    EXTI15_10_IRQHandler                     0x0800920f   Thumb Code     0  startup_stm32f10x_md.o(.text)
    EXTI1_IRQHandler                         0x0800920f   Thumb Code     0  startup_stm32f10x_md.o(.text)
    EXTI2_IRQHandler                         0x0800920f   Thumb Code     0  startup_stm32f10x_md.o(.text)
    EXTI3_IRQHandler                         0x0800920f   Thumb Code     0  startup_stm32f10x_md.o(.text)
    EXTI4_IRQHandler                         0x0800920f   Thumb Code     0  startup_stm32f10x_md.o(.text)
    EXTI9_5_IRQHandler                       0x0800920f   Thumb Code     0  startup_stm32f10x_md.o(.text)
    FLASH_IRQHandler                         0x0800920f   Thumb Code     0  startup_stm32f10x_md.o(.text)
    I2C1_ER_IRQHandler                       0x0800920f   Thumb Code     0  startup_stm32f10x_md.o(.text)
    I2C1_EV_IRQHandler                       0x0800920f   Thumb Code     0  startup_stm32f10x_md.o(.text)
    I2C2_ER_IRQHandler                       0x0800920f   Thumb Code     0  startup_stm32f10x_md.o(.text)
    I2C2_EV_IRQHandler                       0x0800920f   Thumb Code     0  startup_stm32f10x_md.o(.text)
    PVD_IRQHandler                           0x0800920f   Thumb Code     0  startup_stm32f10x_md.o(.text)
    RCC_IRQHandler                           0x0800920f   Thumb Code     0  startup_stm32f10x_md.o(.text)
    RTCAlarm_IRQHandler                      0x0800920f   Thumb Code     0  startup_stm32f10x_md.o(.text)
    RTC_IRQHandler                           0x0800920f   Thumb Code     0  startup_stm32f10x_md.o(.text)
    SPI1_IRQHandler                          0x0800920f   Thumb Code     0  startup_stm32f10x_md.o(.text)
    SPI2_IRQHandler                          0x0800920f   Thumb Code     0  startup_stm32f10x_md.o(.text)
    TAMPER_IRQHandler                        0x0800920f   Thumb Code     0  startup_stm32f10x_md.o(.text)
    TIM1_BRK_IRQHandler                      0x0800920f   Thumb Code     0  startup_stm32f10x_md.o(.text)
    TIM1_CC_IRQHandler                       0x0800920f   Thumb Code     0  startup_stm32f10x_md.o(.text)
    TIM1_TRG_COM_IRQHandler                  0x0800920f   Thumb Code     0  startup_stm32f10x_md.o(.text)
    TIM1_UP_IRQHandler                       0x0800920f   Thumb Code     0  startup_stm32f10x_md.o(.text)
    TIM2_IRQHandler                          0x0800920f   Thumb Code     0  startup_stm32f10x_md.o(.text)
    TIM3_IRQHandler                          0x0800920f   Thumb Code     0  startup_stm32f10x_md.o(.text)
    TIM4_IRQHandler                          0x0800920f   Thumb Code     0  startup_stm32f10x_md.o(.text)
    USART1_IRQHandler                        0x0800920f   Thumb Code     0  startup_stm32f10x_md.o(.text)
    USART3_IRQHandler                        0x0800920f   Thumb Code     0  startup_stm32f10x_md.o(.text)
    USB_HP_CAN1_TX_IRQHandler                0x0800920f   Thumb Code     0  startup_stm32f10x_md.o(.text)
    WWDG_IRQHandler                          0x0800920f   Thumb Code     0  startup_stm32f10x_md.o(.text)
    SystemInit                               0x080092b9   Thumb Code    64  system_stm32f10x.o(.text)
    SystemCoreClockUpdate                    0x080092f9   Thumb Code    84  system_stm32f10x.o(.text)
    AT_CmdFunc_version                       0x0800936d   Thumb Code    12  ait_cmd.o(.text)
    AT_CmdFunc_RST                           0x08009379   Thumb Code    42  ait_cmd.o(.text)
    FLASH_ReadHalfWord                       0x080093a3   Thumb Code     4  ait_cmd.o(.text)
    FLASH_ReadWord                           0x080093a7   Thumb Code    10  ait_cmd.o(.text)
    FLASH_ReadMoreData                       0x080093b1   Thumb Code    26  ait_cmd.o(.text)
    FLASH_WriteMoreData                      0x080093cb   Thumb Code    82  ait_cmd.o(.text)
    StringToHex                              0x0800941d   Thumb Code   124  ait_cmd.o(.text)
    StringToHex2                             0x08009499   Thumb Code    88  ait_cmd.o(.text)
    AT_CmdFunc_ANCHOR_GPIOTEST               0x08009937   Thumb Code    46  ait_cmd.o(.text)
    rx_with_xtal_trim                        0x08009965   Thumb Code   454  ait_cmd.o(.text)
    AT_CmdFunc_RFTEST                        0x08009b2b   Thumb Code    20  ait_cmd.o(.text)
    rx_diagnostics                           0x08009b3f   Thumb Code   966  ait_cmd.o(.text)
    AT_CmdFunc_RSSI                          0x08009f05   Thumb Code    20  ait_cmd.o(.text)
    CLI_strtoi                               0x08009f19   Thumb Code   100  ait_cmd.o(.text)
    AIT_eui64_wr                             0x08009f7d   Thumb Code    94  ait_cmd.o(.text)
    AT_CmdFunc_UwbMac                        0x08009fdb   Thumb Code   346  ait_cmd.o(.text)
    AT_CmdFunc_FACTORY                       0x0800a135   Thumb Code   106  ait_cmd.o(.text)
    AT_CmdFunc_GETWORKMODE                   0x0800a19f   Thumb Code    46  ait_cmd.o(.text)
    AT_CmdFunc_AT                            0x0800a1cd   Thumb Code     4  ait_cmd.o(.text)
    at_cmd_parse                             0x0800a1d1   Thumb Code   460  ait_cmd.o(.text)
    at_cmd_recv                              0x0800a39d   Thumb Code    74  ait_cmd.o(.text)
    osal_CreateQueue                         0x0800a3f9   Thumb Code    12  osal.o(.text)
    osal_TraverseQueue                       0x0800a405   Thumb Code   108  osal.o(.text)
    osal_FullQueue                           0x0800a471   Thumb Code    32  osal.o(.text)
    osal_EmptyQueue                          0x0800a491   Thumb Code    16  osal.o(.text)
    osal_Enqueue                             0x0800a4a1   Thumb Code   104  osal.o(.text)
    osal_Dequeue                             0x0800a509   Thumb Code    94  osal.o(.text)
    osal_itoa                                0x0800a567   Thumb Code    72  osal.o(.text)
    osal_Str2Byte                            0x0800a5af   Thumb Code    82  osal.o(.text)
    osal_Hex2Str                             0x0800a601   Thumb Code    40  osal.o(.text)
    check_for_status_errors                  0x0800a689   Thumb Code   210  shared_functions.o(.text)
    get_rx_delay_time_txpreamble             0x0800a75b   Thumb Code    62  shared_functions.o(.text)
    get_rx_delay_time_data_rate              0x0800a799   Thumb Code    14  shared_functions.o(.text)
    set_delayed_rx_time                      0x0800a7a7   Thumb Code    90  shared_functions.o(.text)
    set_resp_rx_timeout                      0x0800a801   Thumb Code    56  shared_functions.o(.text)
    resync_sts                               0x0800a839   Thumb Code    36  shared_functions.o(.text)
    resp_msg_get_ts                          0x0800a85d   Thumb Code    26  shared_functions.o(.text)
    get_tx_timestamp_u64                     0x0800a877   Thumb Code    42  shared_functions.o(.text)
    get_rx_timestamp_u64                     0x0800a8a1   Thumb Code    42  shared_functions.o(.text)
    final_msg_get_ts                         0x0800a8cb   Thumb Code    28  shared_functions.o(.text)
    final_msg_set_ts                         0x0800a8e7   Thumb Code    24  shared_functions.o(.text)
    resp_msg_set_ts                          0x0800a8ff   Thumb Code    36  shared_functions.o(.text)
    get_knownTagList                         0x0800a92d   Thumb Code     8  tag_list.o(.text)
    get_knownTagList_size                    0x0800a935   Thumb Code    18  tag_list.o(.text)
    init_knownTagList                        0x0800a947   Thumb Code    12  tag_list.o(.text)
    get_tag64_from_knownTagList              0x0800a953   Thumb Code    62  tag_list.o(.text)
    get_tag16_from_knownTagList              0x0800a991   Thumb Code    54  tag_list.o(.text)
    get_free_slot_from_knownTagList          0x0800a9c7   Thumb Code    42  tag_list.o(.text)
    add_tag_to_knownTagList                  0x0800a9f1   Thumb Code   120  tag_list.o(.text)
    del_tag16_from_knownTagList              0x0800aa69   Thumb Code    22  tag_list.o(.text)
    del_tag64_from_knownTagList              0x0800aa7f   Thumb Code    22  tag_list.o(.text)
    getDList_size                            0x0800aa95   Thumb Code    16  tag_list.o(.text)
    getDList                                 0x0800aaa5   Thumb Code     4  tag_list.o(.text)
    addTagToDList                            0x0800aaa9   Thumb Code    40  tag_list.o(.text)
    initDList                                0x0800aad1   Thumb Code    10  tag_list.o(.text)
    kalmanFilter_A                           0x0800aae5   Thumb Code    90  node.o(.text)
    node_output_pc                           0x0800ab3f   Thumb Code   156  node.o(.text)
    node_output_wifi                         0x0800abdb   Thumb Code   156  node.o(.text)
    getTwrInfoPtr                            0x0800ac77   Thumb Code     4  node.o(.text)
    prepare_twr_fianl_msg                    0x0800ada9   Thumb Code     2  node.o(.text)
    twr_tx_node_cb                           0x0800b0cf   Thumb Code    48  node.o(.text)
    twr_rx_node_cb                           0x0800b0ff   Thumb Code    96  node.o(.text)
    twr_rx_timeout_cb                        0x0800b15f   Thumb Code    18  node.o(.text)
    twr_rx_error_cb                          0x0800b171   Thumb Code    18  node.o(.text)
    testapprun                               0x0800b183   Thumb Code   294  node.o(.text)
    instance_run                             0x0800b2a9   Thumb Code    20  node.o(.text)
    node_pdoa_task                           0x0800b2bd   Thumb Code    10  node.o(.text)
    node_process_init                        0x0800b2c7   Thumb Code   244  node.o(.text)
    App_Module_UWB_Mode_Display              0x0800b3bb   Thumb Code   222  node.o(.text)
    node_helper                              0x0800b499   Thumb Code    14  node.o(.text)
    node_start                               0x0800b4a7   Thumb Code    16  node.o(.text)
    portGetTickCnt                           0x0800b4bd   Thumb Code     6  uwb.o(.text)
    sleep_ms                                 0x0800b4c3   Thumb Code    16  uwb.o(.text)
    Sleep                                    0x0800b4d3   Thumb Code     2  uwb.o(.text)
    deca_usleep                              0x0800b4d5   Thumb Code    20  uwb.o(.text)
    reset_DWIC                               0x0800b4e9   Thumb Code    68  uwb.o(.text)
    SPI_ConfigFastRate                       0x0800b52d   Thumb Code    80  uwb.o(.text)
    port_set_dw_ic_spi_slowrate              0x0800b57d   Thumb Code     4  uwb.o(.text)
    port_set_dw_ic_spi_fastrate              0x0800b581   Thumb Code     4  uwb.o(.text)
    wakeup_device_with_io                    0x0800b585   Thumb Code    34  uwb.o(.text)
    deca_sleep                               0x0800b5a7   Thumb Code     2  uwb.o(.text)
    EXTI_GetITEnStatus                       0x0800b5a9   Thumb Code    16  uwb.o(.text)
    setup_DW1000RSTnIRQ                      0x0800b5b9   Thumb Code   134  uwb.o(.text)
    writetospi_serial                        0x0800b63f   Thumb Code    92  uwb.o(.text)
    readfromspi_serial                       0x0800b69b   Thumb Code    96  uwb.o(.text)
    process_deca_irq                         0x0800b6fb   Thumb Code    24  uwb.o(.text)
    disable_deca_irq                         0x0800b713   Thumb Code    22  uwb.o(.text)
    enable_deca_irq                          0x0800b729   Thumb Code    14  uwb.o(.text)
    get_pbssConfig                           0x0800b74d   Thumb Code     6  config.o(.text)
    load_bssConfig                           0x0800b753   Thumb Code    54  config.o(.text)
    getTwrInfoPtr_tag                        0x0800b7a9   Thumb Code     4  tag.o(.text)
    twr_tx_tag_cb                            0x0800b877   Thumb Code    66  tag.o(.text)
    twr_rx_tag_cb                            0x0800b8b9   Thumb Code   104  tag.o(.text)
    twr_rx_tag_timeout_cb                    0x0800b921   Thumb Code    16  tag.o(.text)
    twr_rx_tag_error_cb                      0x0800b931   Thumb Code     2  tag.o(.text)
    tag_output_pc                            0x0800b933   Thumb Code   172  tag.o(.text)
    tag_output_wifi                          0x0800b9df   Thumb Code   162  tag.o(.text)
    tagtestapprun                            0x0800ba81   Thumb Code   580  tag.o(.text)
    tag_instance_run                         0x0800bcc5   Thumb Code   104  tag.o(.text)
    tag_pdoa_task                            0x0800bd2d   Thumb Code    10  tag.o(.text)
    tag_process_init                         0x0800bd37   Thumb Code   240  tag.o(.text)
    App_Tag_Module_UWB_Mode_Display          0x0800be27   Thumb Code    76  tag.o(.text)
    tag_helper                               0x0800be73   Thumb Code    14  tag.o(.text)
    tag_start                                0x0800be81   Thumb Code    16  tag.o(.text)
    calculate_msg_time                       0x0800c071   Thumb Code   416  msg_time.o(.text)
    util_us_to_dev_time                      0x0800c241   Thumb Code    26  util.o(.text)
    util_dev_time_to_sec                     0x0800c25b   Thumb Code    18  util.o(.text)
    util_sec_to_dev_time                     0x0800c26d   Thumb Code    20  util.o(.text)
    util_us_to_sy                            0x0800c281   Thumb Code     8  util.o(.text)
    calc_sfd_to                              0x0800c289   Thumb Code   106  util.o(.text)
    __aeabi_llsr                             0x0800c309   Thumb Code    32  llushr.o(.text)
    _ll_ushift_r                             0x0800c309   Thumb Code     0  llushr.o(.text)
    toupper                                  0x0800c329   Thumb Code    12  toupper.o(.text)
    __aeabi_memcpy                           0x0800c335   Thumb Code    36  memcpya.o(.text)
    __aeabi_memcpy4                          0x0800c335   Thumb Code     0  memcpya.o(.text)
    __aeabi_memcpy8                          0x0800c335   Thumb Code     0  memcpya.o(.text)
    __aeabi_memset                           0x0800c359   Thumb Code    14  memseta.o(.text)
    __aeabi_memset4                          0x0800c359   Thumb Code     0  memseta.o(.text)
    __aeabi_memset8                          0x0800c359   Thumb Code     0  memseta.o(.text)
    __aeabi_memclr                           0x0800c367   Thumb Code     4  memseta.o(.text)
    __aeabi_memclr4                          0x0800c367   Thumb Code     0  memseta.o(.text)
    __aeabi_memclr8                          0x0800c367   Thumb Code     0  memseta.o(.text)
    _memset$wrapper                          0x0800c36b   Thumb Code    18  memseta.o(.text)
    strstr                                   0x0800c37d   Thumb Code    36  strstr.o(.text)
    strlen                                   0x0800c3a1   Thumb Code    14  strlen.o(.text)
    memcmp                                   0x0800c3af   Thumb Code    26  memcmp.o(.text)
    strtoul                                  0x0800c3c9   Thumb Code   114  strtoul.o(.text)
    strtoull                                 0x0800c43b   Thumb Code     4  strtoull.o(.text)
    atoi                                     0x0800c43f   Thumb Code    26  atoi.o(.text)
    __aeabi_fadd                             0x0800c459   Thumb Code   164  fadd.o(.text)
    __aeabi_fsub                             0x0800c4fd   Thumb Code     6  fadd.o(.text)
    __aeabi_frsub                            0x0800c503   Thumb Code     6  fadd.o(.text)
    __aeabi_fmul                             0x0800c509   Thumb Code   100  fmul.o(.text)
    __aeabi_fdiv                             0x0800c56d   Thumb Code   124  fdiv.o(.text)
    __ARM_scalbnf                            0x0800c5e9   Thumb Code    24  fscalb.o(.text)
    scalbnf                                  0x0800c5e9   Thumb Code     0  fscalb.o(.text)
    __aeabi_dadd                             0x0800c601   Thumb Code   322  dadd.o(.text)
    __aeabi_dsub                             0x0800c743   Thumb Code     6  dadd.o(.text)
    __aeabi_drsub                            0x0800c749   Thumb Code     6  dadd.o(.text)
    __aeabi_dmul                             0x0800c74f   Thumb Code   228  dmul.o(.text)
    __aeabi_ddiv                             0x0800c833   Thumb Code   222  ddiv.o(.text)
    __ARM_scalbn                             0x0800c911   Thumb Code    46  dscalb.o(.text)
    scalbn                                   0x0800c911   Thumb Code     0  dscalb.o(.text)
    __aeabi_i2f                              0x0800c93f   Thumb Code    18  fflti.o(.text)
    __aeabi_ui2f                             0x0800c951   Thumb Code    10  ffltui.o(.text)
    __aeabi_l2f                              0x0800c95b   Thumb Code    44  ffltl.o(.text)
    __aeabi_i2d                              0x0800c987   Thumb Code    34  dflti.o(.text)
    __aeabi_ui2d                             0x0800c9a9   Thumb Code    26  dfltui.o(.text)
    __aeabi_l2d                              0x0800c9c3   Thumb Code    40  dfltl.o(.text)
    __aeabi_ul2d                             0x0800c9eb   Thumb Code    24  dfltul.o(.text)
    __aeabi_f2iz                             0x0800ca03   Thumb Code    50  ffixi.o(.text)
    __aeabi_f2uiz                            0x0800ca35   Thumb Code    40  ffixui.o(.text)
    __aeabi_d2uiz                            0x0800ca5d   Thumb Code    50  dfixui.o(.text)
    __aeabi_d2ulz                            0x0800ca8f   Thumb Code    48  dfixul.o(.text)
    __aeabi_f2d                              0x0800cabf   Thumb Code    38  f2d.o(.text)
    __aeabi_cdcmpeq                          0x0800cae5   Thumb Code     0  cdcmple.o(.text)
    __aeabi_cdcmple                          0x0800cae5   Thumb Code    48  cdcmple.o(.text)
    __aeabi_d2f                              0x0800cb15   Thumb Code    56  d2f.o(.text)
    __aeabi_cfrcmple                         0x0800cb4d   Thumb Code    20  cfrcmple.o(.text)
    __aeabi_uidiv                            0x0800cb61   Thumb Code     0  uidiv.o(.text)
    __aeabi_uidivmod                         0x0800cb61   Thumb Code    44  uidiv.o(.text)
    __aeabi_uldivmod                         0x0800cb8d   Thumb Code    98  uldiv.o(.text)
    __aeabi_llsl                             0x0800cbef   Thumb Code    30  llshl.o(.text)
    _ll_shift_l                              0x0800cbef   Thumb Code     0  llshl.o(.text)
    __aeabi_lasr                             0x0800cc0d   Thumb Code    36  llsshr.o(.text)
    _ll_sshift_r                             0x0800cc0d   Thumb Code     0  llsshr.o(.text)
    __rt_ctype_table                         0x0800cc31   Thumb Code     4  ctype_o.o(.text)
    isspace                                  0x0800cc39   Thumb Code    18  isspace_o.o(.text)
    _strtoul                                 0x0800cc4b   Thumb Code   158  _strtoul.o(.text)
    __strtod_int                             0x0800cd1f   Thumb Code    90  strtod.o(.text)
    strtol                                   0x0800cd85   Thumb Code   112  strtol.o(.text)
    __strtoull                               0x0800cdf5   Thumb Code   124  __strtoull.o(.text)
    __I$use$fp                               0x0800ce71   Thumb Code     0  iusefp.o(.text)
    _float_round                             0x0800ce71   Thumb Code    18  fepilogue.o(.text)
    _float_epilogue                          0x0800ce83   Thumb Code    92  fepilogue.o(.text)
    _double_round                            0x0800cedf   Thumb Code    30  depilogue.o(.text)
    _double_epilogue                         0x0800cefd   Thumb Code   156  depilogue.o(.text)
    _dsqrt                                   0x0800cf99   Thumb Code   162  dsqrt.o(.text)
    __aeabi_cdrcmple                         0x0800d03d   Thumb Code    48  cdrcmple.o(.text)
    __scatterload                            0x0800d06d   Thumb Code    28  init.o(.text)
    __scatterload_rt2                        0x0800d06d   Thumb Code     0  init.o(.text)
    _chval                                   0x0800d091   Thumb Code    28  _chval.o(.text)
    _scanf_real                              0x0800d1d5   Thumb Code     0  scanf_fp.o(.text)
    _scanf_really_real                       0x0800d1d5   Thumb Code   556  scanf_fp.o(.text)
    _sgetc                                   0x0800d40d   Thumb Code    30  _sgetc.o(.text)
    _sbackspace                              0x0800d42b   Thumb Code    34  _sgetc.o(.text)
    _strtoull                                0x0800d44d   Thumb Code   194  _strtoull.o(.text)
    __decompress                             0x0800d50f   Thumb Code     0  __dczerorl2.o(.text)
    __decompress1                            0x0800d50f   Thumb Code    86  __dczerorl2.o(.text)
    __0printf                                0x0800d565   Thumb Code    22  printfa.o(i.__0printf)
    __1printf                                0x0800d565   Thumb Code     0  printfa.o(i.__0printf)
    __2printf                                0x0800d565   Thumb Code     0  printfa.o(i.__0printf)
    __c89printf                              0x0800d565   Thumb Code     0  printfa.o(i.__0printf)
    printf                                   0x0800d565   Thumb Code     0  printfa.o(i.__0printf)
    __0snprintf                              0x0800d585   Thumb Code    44  printfa.o(i.__0snprintf)
    __1snprintf                              0x0800d585   Thumb Code     0  printfa.o(i.__0snprintf)
    __2snprintf                              0x0800d585   Thumb Code     0  printfa.o(i.__0snprintf)
    __c89snprintf                            0x0800d585   Thumb Code     0  printfa.o(i.__0snprintf)
    snprintf                                 0x0800d585   Thumb Code     0  printfa.o(i.__0snprintf)
    __0sprintf                               0x0800d5b5   Thumb Code    34  printfa.o(i.__0sprintf)
    __1sprintf                               0x0800d5b5   Thumb Code     0  printfa.o(i.__0sprintf)
    __2sprintf                               0x0800d5b5   Thumb Code     0  printfa.o(i.__0sprintf)
    __c89sprintf                             0x0800d5b5   Thumb Code     0  printfa.o(i.__0sprintf)
    sprintf                                  0x0800d5b5   Thumb Code     0  printfa.o(i.__0sprintf)
    __ARM_fpclassify                         0x0800d5dd   Thumb Code    40  fpclassify.o(i.__ARM_fpclassify)
    __aeabi_errno_addr                       0x0800d605   Thumb Code     4  errno.o(i.__aeabi_errno_addr)
    __rt_errno_addr                          0x0800d605   Thumb Code     0  errno.o(i.__aeabi_errno_addr)
    __kernel_poly                            0x0800d60d   Thumb Code   170  poly.o(i.__kernel_poly)
    __mathlib_dbl_divzero                    0x0800d6b9   Thumb Code    12  dunder.o(i.__mathlib_dbl_divzero)
    __mathlib_dbl_infnan                     0x0800d6c9   Thumb Code     6  dunder.o(i.__mathlib_dbl_infnan)
    __mathlib_dbl_infnan2                    0x0800d6cf   Thumb Code     4  dunder.o(i.__mathlib_dbl_infnan2)
    __mathlib_dbl_invalid                    0x0800d6d3   Thumb Code    12  dunder.o(i.__mathlib_dbl_invalid)
    __mathlib_dbl_overflow                   0x0800d6df   Thumb Code    14  dunder.o(i.__mathlib_dbl_overflow)
    __mathlib_dbl_underflow                  0x0800d6ed   Thumb Code    10  dunder.o(i.__mathlib_dbl_underflow)
    __mathlib_flt_divzero                    0x0800d6fd   Thumb Code    10  funder.o(i.__mathlib_flt_divzero)
    __mathlib_flt_infnan                     0x0800d707   Thumb Code     6  funder.o(i.__mathlib_flt_infnan)
    __mathlib_flt_invalid                    0x0800d70d   Thumb Code     8  funder.o(i.__mathlib_flt_invalid)
    __read_errno                             0x0800d715   Thumb Code     6  errno.o(i.__read_errno)
    __scatterload_copy                       0x0800d721   Thumb Code    14  handlers.o(i.__scatterload_copy)
    __scatterload_null                       0x0800d72f   Thumb Code     2  handlers.o(i.__scatterload_null)
    __scatterload_zeroinit                   0x0800d731   Thumb Code    14  handlers.o(i.__scatterload_zeroinit)
    __set_errno                              0x0800d741   Thumb Code     6  errno.o(i.__set_errno)
    _is_digit                                0x0800d8d1   Thumb Code    14  scanf_fp.o(i._is_digit)
    asin                                     0x0800e031   Thumb Code   572  asin.o(i.asin)
    atof                                     0x0800e2a1   Thumb Code    42  atof.o(i.atof)
    __mathlib_ceilf                          0x0800e2cd   Thumb Code     0  ceilf.o(i.ceilf)
    ceilf                                    0x0800e2cd   Thumb Code   110  ceilf.o(i.ceilf)
    log10f                                   0x0800e345   Thumb Code   384  log10f.o(i.log10f)
    pow                                      0x0800e4f9   Thumb Code  2512  pow.o(i.pow)
    sqrt                                     0x0800eed1   Thumb Code    76  sqrt.o(i.sqrt)
    known_commands                           0x0800ef1c   Data         240  cmd_fn.o(.constdata)
    sts_length_factors                       0x0800f00c   Data          14  deca_device.o(.constdata)
    F6x8                                     0x0800f01a   Data         552  oled_i2c.o(.constdata)
    F8X16                                    0x0800f242   Data        1520  oled_i2c.o(.constdata)
    Virtual_Com_Port_DeviceDescriptor        0x0800f832   Data          18  usb_desc.o(.constdata)
    Virtual_Com_Port_ConfigDescriptor        0x0800f844   Data          67  usb_desc.o(.constdata)
    Virtual_Com_Port_StringLangID            0x0800f887   Data           4  usb_desc.o(.constdata)
    Virtual_Com_Port_StringVendor            0x0800f88b   Data          24  usb_desc.o(.constdata)
    Virtual_Com_Port_StringProduct           0x0800f8a3   Data          38  usb_desc.o(.constdata)
    __mathlib_zero                           0x0800f9e8   Data           8  qnan.o(.constdata)
    __ctype_table                            0x0800f9f0   Data         129  ctype_o.o(.constdata)
    Region$$Table$$Base                      0x0800fe34   Number         0  anon$$obj.o(Region$$Table)
    Region$$Table$$Limit                     0x0800fe54   Number         0  anon$$obj.o(Region$$Table)
    distance                                 0x20000000   Data           4  cmd_fn.o(.data)
    led_test                                 0x20000004   Data           1  generic.o(.data)
    defaultFConfig                           0x2000000c   Data         130  generic.o(.data)
    sys_uart_dma_buf                         0x20000090   Data        2808  generic.o(.data)
    sys_para                                 0x20000b88   Data         164  generic.o(.data)
    sys_para_bak                             0x20000c2c   Data         164  generic.o(.data)
    aiio_output                              0x20000cd4   Data           1  user_out.o(.data)
    i                                        0x20000ce4   Data           1  hal_led.o(.data)
    hal_led                                  0x20000ce6   Data          16  hal_led.o(.data)
    USART1_DMA_RX_BYTE                       0x20000cfc   Data           1  hal_usart.o(.data)
    gps_rx_index                             0x20000cfd   Data           1  hal_gps.o(.data)
    gps_frame_received                       0x20000cfe   Data           1  hal_gps.o(.data)
    g_GPS_CurrentData                        0x20000cff   Data          33  hal_gps.o(.data)
    F16x16                                   0x20000d25   Data         256  oled_i2c.o(.data)
    EXTI_InitStructure                       0x20000e28   Data           8  hw_config.o(.data)
    Virtual_Com_Port_StringSerial            0x20000e30   Data          38  usb_desc.o(.data)
    bIntPackSOF                              0x20000e60   Data           1  usb_istr.o(.data)
    wIstr                                    0x20000e62   Data           2  usb_istr.o(.data)
    esof_counter                             0x20000e64   Data           4  usb_istr.o(.data)
    wCNTR                                    0x20000e68   Data           4  usb_istr.o(.data)
    pEpInt_IN                                0x20000e6c   Data          28  usb_istr.o(.data)
    pEpInt_OUT                               0x20000e88   Data          28  usb_istr.o(.data)
    Request                                  0x20000ea4   Data           1  usb_prop.o(.data)
    linecoding                               0x20000ea8   Data           8  usb_prop.o(.data)
    Device_Descriptor                        0x20000eb0   Data           8  usb_prop.o(.data)
    Config_Descriptor                        0x20000eb8   Data           8  usb_prop.o(.data)
    Device_Property                          0x20000ec0   Data          48  usb_prop.o(.data)
    String_Descriptor                        0x20000ef0   Data          32  usb_prop.o(.data)
    Device_Table                             0x20000f10   Data           2  usb_prop.o(.data)
    User_Standard_Requests                   0x20000f14   Data          36  usb_prop.o(.data)
    bDeviceState                             0x20000f38   Data           4  usb_pwr.o(.data)
    fSuspendEnabled                          0x20000f3c   Data           1  usb_pwr.o(.data)
    ResumeS                                  0x20000f40   Data           2  usb_pwr.o(.data)
    remotewakeupon                           0x20000f44   Data           4  usb_pwr.o(.data)
    Data_Mul_MaxPacketSize                   0x20000f48   Data           1  usb_core.o(.data)
    StatusInfo                               0x20000f4a   Data           2  usb_core.o(.data)
    EPindex                                  0x20000f4c   Data           1  usb_init.o(.data)
    pInformation                             0x20000f50   Data           4  usb_init.o(.data)
    pProperty                                0x20000f54   Data           4  usb_init.o(.data)
    pUser_Standard_Requests                  0x20000f58   Data           4  usb_init.o(.data)
    wInterrupt_Mask                          0x20000f5c   Data           2  usb_init.o(.data)
    SaveRState                               0x20000f5e   Data           2  usb_int.o(.data)
    SaveTState                               0x20000f60   Data           2  usb_int.o(.data)
    IIc_flag                                 0x20000f64   Data           4  lis2dh12.o(.data)
    g_system_time_ms                         0x20000f68   Data           4  stm32f10x_it.o(.data)
    SystemCoreClock                          0x20000fe0   Data           4  system_stm32f10x.o(.data)
    AHBPrescTable                            0x20000fe4   Data          16  system_stm32f10x.o(.data)
    Pin3                                     0x20000ff4   Data          16  ait_cmd.o(.data)
    Pin4                                     0x20001004   Data          16  ait_cmd.o(.data)
    Pin5                                     0x20001014   Data          16  ait_cmd.o(.data)
    Pin6                                     0x20001024   Data          16  ait_cmd.o(.data)
    Pin7                                     0x20001034   Data          16  ait_cmd.o(.data)
    Pin8                                     0x20001044   Data          16  ait_cmd.o(.data)
    Pin9                                     0x20001054   Data          16  ait_cmd.o(.data)
    Pin11                                    0x20001064   Data          16  ait_cmd.o(.data)
    Pin12                                    0x20001074   Data          16  ait_cmd.o(.data)
    Pin13                                    0x20001084   Data          16  ait_cmd.o(.data)
    Pin14                                    0x20001094   Data          16  ait_cmd.o(.data)
    Pin15                                    0x200010a4   Data          16  ait_cmd.o(.data)
    Pin16                                    0x200010b4   Data          16  ait_cmd.o(.data)
    Pin17                                    0x200010c4   Data          16  ait_cmd.o(.data)
    Pin18                                    0x200010d4   Data          16  ait_cmd.o(.data)
    Pin19                                    0x200010e4   Data          16  ait_cmd.o(.data)
    Pin20                                    0x200010f4   Data          16  ait_cmd.o(.data)
    Pin21                                    0x20001104   Data          16  ait_cmd.o(.data)
    Pin22                                    0x20001114   Data          16  ait_cmd.o(.data)
    Pin25                                    0x20001124   Data          16  ait_cmd.o(.data)
    Pin26                                    0x20001134   Data          16  ait_cmd.o(.data)
    Pin27                                    0x20001144   Data          16  ait_cmd.o(.data)
    Pin28                                    0x20001154   Data          16  ait_cmd.o(.data)
    Pin29                                    0x20001164   Data          16  ait_cmd.o(.data)
    Pin30                                    0x20001174   Data          16  ait_cmd.o(.data)
    Pin31                                    0x20001184   Data          16  ait_cmd.o(.data)
    Pin32                                    0x20001194   Data          16  ait_cmd.o(.data)
    Pin33                                    0x200011a4   Data          16  ait_cmd.o(.data)
    Pin35                                    0x200011b4   Data          16  ait_cmd.o(.data)
    Pin36                                    0x200011c4   Data          16  ait_cmd.o(.data)
    Pin37                                    0x200011d4   Data          16  ait_cmd.o(.data)
    Pin38                                    0x200011e4   Data          16  ait_cmd.o(.data)
    Pin39                                    0x200011f4   Data          16  ait_cmd.o(.data)
    GobalGpioInfo                            0x2000120c   Data         156  ait_cmd.o(.data)
    at_table                                 0x200012b8   Data          72  ait_cmd.o(.data)
    time32_incr                              0x2000131c   Data           4  uwb.o(.data)
    app                                      0x20001320   Data           4  config.o(.data)
    txconfig_options                         0x20001324   Data          12  config_options.o(.data)
    config_options                           0x20001330   Data          14  config_options.o(.data)
    __stdout                                 0x20001340   Data           4  stdout.o(.data)
    user_tag_dist_cm                         0x20001520   Data          16  user_out.o(.bss)
    gps_rx_buffer                            0x20001580   Data         128  hal_gps.o(.bss)
    EP                                       0x200019f0   Data          32  usb_pwr.o(.bss)
    Device_Info                              0x20001a10   Data          28  usb_init.o(.bss)
    __initial_sp                             0x200034e8   Data           0  startup_stm32f10x_md.o(STACK)



==============================================================================

Memory Map of the image

  Image Entry point : 0x080000ed

  Load Region LR_IROM1 (Base: 0x08000000, Size: 0x0001119c, Max: 0x00020000, ABSOLUTE, COMPRESSED[0x00010230])

    Execution Region ER_IROM1 (Exec base: 0x08000000, Load base: 0x08000000, Size: 0x0000fe54, Max: 0x00020000, ABSOLUTE)

    Exec Addr    Load Addr    Size         Type   Attr      Idx    E Section Name        Object

    0x08000000   0x08000000   0x000000ec   Data   RO         2218    RESET               startup_stm32f10x_md.o
    0x080000ec   0x080000ec   0x00000000   Code   RO         2879  * .ARM.Collect$$$$00000000  mc_w.l(entry.o)
    0x080000ec   0x080000ec   0x00000004   Code   RO         3246    .ARM.Collect$$$$00000001  mc_w.l(entry2.o)
    0x080000f0   0x080000f0   0x00000004   Code   RO         3249    .ARM.Collect$$$$00000004  mc_w.l(entry5.o)
    0x080000f4   0x080000f4   0x00000000   Code   RO         3251    .ARM.Collect$$$$00000008  mc_w.l(entry7b.o)
    0x080000f4   0x080000f4   0x00000000   Code   RO         3253    .ARM.Collect$$$$0000000A  mc_w.l(entry8b.o)
    0x080000f4   0x080000f4   0x00000008   Code   RO         3254    .ARM.Collect$$$$0000000B  mc_w.l(entry9a.o)
    0x080000fc   0x080000fc   0x00000000   Code   RO         3256    .ARM.Collect$$$$0000000D  mc_w.l(entry10a.o)
    0x080000fc   0x080000fc   0x00000000   Code   RO         3258    .ARM.Collect$$$$0000000F  mc_w.l(entry11a.o)
    0x080000fc   0x080000fc   0x00000004   Code   RO         3247    .ARM.Collect$$$$00002712  mc_w.l(entry2.o)
    0x08000100   0x08000100   0x0000013c   Code   RO            1    .text               cmd.o
    0x0800023c   0x0800023c   0x00000c30   Code   RO           63    .text               cmd_fn.o
    0x08000e6c   0x08000e6c   0x00000214   Code   RO          235    .text               generic.o
    0x08001080   0x08001080   0x00000300   Code   RO          296    .text               generic_cmd.o
    0x08001380   0x08001380   0x00000158   Code   RO          338    .text               user_out.o
    0x080014d8   0x080014d8   0x00000368   Code   RO          373    .text               app_smart_lock.o
    0x08001840   0x08001840   0x0000007a   Code   RO          455    .text               hal_flash.o
    0x080018ba   0x080018ba   0x00000002   PAD
    0x080018bc   0x080018bc   0x000002d0   Code   RO          479    .text               hal_iic.o
    0x08001b8c   0x08001b8c   0x0000017c   Code   RO          503    .text               hal_led.o
    0x08001d08   0x08001d08   0x00000114   Code   RO          565    .text               hal_timer.o
    0x08001e1c   0x08001e1c   0x00000168   Code   RO          596    .text               hal_usart.o
    0x08001f84   0x08001f84   0x0000001e   Code   RO          634    .text               hal_usb.o
    0x08001fa2   0x08001fa2   0x00000002   PAD
    0x08001fa4   0x08001fa4   0x000000b0   Code   RO          685    .text               hal_servo.o
    0x08002054   0x08002054   0x00000180   Code   RO          709    .text               hal_gps.o
    0x080021d4   0x080021d4   0x0000252c   Code   RO          740    .text               deca_device.o
    0x08004700   0x08004700   0x00000034   Code   RO          805    .text               deca_mutex.o
    0x08004734   0x08004734   0x0000049c   Code   RO          846    .text               oled_i2c.o
    0x08004bd0   0x08004bd0   0x00000198   Code   RO          879    .text               hw_config.o
    0x08004d68   0x08004d68   0x000003d6   Code   RO          936    .text               queue.o
    0x0800513e   0x0800513e   0x00000002   PAD
    0x08005140   0x08005140   0x000000b4   Code   RO          980    .text               usb_endp.o
    0x080051f4   0x080051f4   0x00000150   Code   RO         1010    .text               usb_istr.o
    0x08005344   0x08005344   0x0000000c   Code   RO         1042    .text               usb_it.o
    0x08005350   0x08005350   0x000001f4   Code   RO         1072    .text               usb_prop.o
    0x08005544   0x08005544   0x000001b0   Code   RO         1109    .text               usb_pwr.o
    0x080056f4   0x080056f4   0x000007c8   Code   RO         1143    .text               usb_core.o
    0x08005ebc   0x08005ebc   0x00000028   Code   RO         1198    .text               usb_init.o
    0x08005ee4   0x08005ee4   0x000001c4   Code   RO         1236    .text               usb_int.o
    0x080060a8   0x080060a8   0x00000048   Code   RO         1272    .text               usb_mem.o
    0x080060f0   0x080060f0   0x000006b0   Code   RO         1296    .text               usb_regs.o
    0x080067a0   0x080067a0   0x0000006c   Code   RO         1321    .text               usb_sil.o
    0x0800680c   0x0800680c   0x00000400   Code   RO         1345    .text               lis2dh12.o
    0x08006c0c   0x08006c0c   0x00000210   Code   RO         1373    .text               main.o
    0x08006e1c   0x08006e1c   0x0000002c   Code   RO         1408    .text               stm32f10x_it.o
    0x08006e48   0x08006e48   0x000002bc   Code   RO         1616    .text               ds_twr_sts_sdc_init.o
    0x08007104   0x08007104   0x000000b0   Code   RO         1662    .text               misc.o
    0x080071b4   0x080071b4   0x000001c8   Code   RO         1854    .text               stm32f10x_dma.o
    0x0800737c   0x0800737c   0x000000e8   Code   RO         1878    .text               stm32f10x_exti.o
    0x08007464   0x08007464   0x0000047c   Code   RO         1902    .text               stm32f10x_flash.o
    0x080078e0   0x080078e0   0x0000026c   Code   RO         1951    .text               stm32f10x_gpio.o
    0x08007b4c   0x08007b4c   0x00000328   Code   RO         1975    .text               stm32f10x_i2c.o
    0x08007e74   0x08007e74   0x0000003c   Code   RO         1999    .text               stm32f10x_iwdg.o
    0x08007eb0   0x08007eb0   0x000002b4   Code   RO         2047    .text               stm32f10x_rcc.o
    0x08008164   0x08008164   0x00000274   Code   RO         2122    .text               stm32f10x_spi.o
    0x080083d8   0x080083d8   0x00000af4   Code   RO         2146    .text               stm32f10x_tim.o
    0x08008ecc   0x08008ecc   0x00000328   Code   RO         2171    .text               stm32f10x_usart.o
    0x080091f4   0x080091f4   0x00000024   Code   RO         2219    .text               startup_stm32f10x_md.o
    0x08009218   0x08009218   0x00000154   Code   RO         2226    .text               system_stm32f10x.o
    0x0800936c   0x0800936c   0x0000108c   Code   RO         2256    .text               aitcmd.lib(ait_cmd.o)
    0x0800a3f8   0x0800a3f8   0x00000290   Code   RO         2475    .text               os.lib(osal.o)
    0x0800a688   0x0800a688   0x000002a4   Code   RO         2510    .text               pdoa.lib(shared_functions.o)
    0x0800a92c   0x0800a92c   0x000001b8   Code   RO         2553    .text               pdoa.lib(tag_list.o)
    0x0800aae4   0x0800aae4   0x000009d8   Code   RO         2603    .text               twr.lib(node.o)
    0x0800b4bc   0x0800b4bc   0x00000290   Code   RO         2678    .text               twr.lib(uwb.o)
    0x0800b74c   0x0800b74c   0x0000005c   Code   RO         2716    .text               twr.lib(config.o)
    0x0800b7a8   0x0800b7a8   0x000008c6   Code   RO         2779    .text               twr.lib(tag.o)
    0x0800c06e   0x0800c06e   0x00000002   PAD
    0x0800c070   0x0800c070   0x000001d0   Code   RO         2806    .text               twr.lib(msg_time.o)
    0x0800c240   0x0800c240   0x000000c8   Code   RO         2821    .text               twr.lib(util.o)
    0x0800c308   0x0800c308   0x00000020   Code   RO         2882    .text               mc_w.l(llushr.o)
    0x0800c328   0x0800c328   0x0000000c   Code   RO         2884    .text               mc_w.l(toupper.o)
    0x0800c334   0x0800c334   0x00000024   Code   RO         2888    .text               mc_w.l(memcpya.o)
    0x0800c358   0x0800c358   0x00000024   Code   RO         2890    .text               mc_w.l(memseta.o)
    0x0800c37c   0x0800c37c   0x00000024   Code   RO         2892    .text               mc_w.l(strstr.o)
    0x0800c3a0   0x0800c3a0   0x0000000e   Code   RO         2894    .text               mc_w.l(strlen.o)
    0x0800c3ae   0x0800c3ae   0x0000001a   Code   RO         2896    .text               mc_w.l(memcmp.o)
    0x0800c3c8   0x0800c3c8   0x00000072   Code   RO         3161    .text               mc_w.l(strtoul.o)
    0x0800c43a   0x0800c43a   0x00000004   Code   RO         3163    .text               mc_w.l(strtoull.o)
    0x0800c43e   0x0800c43e   0x0000001a   Code   RO         3165    .text               mc_w.l(atoi.o)
    0x0800c458   0x0800c458   0x000000b0   Code   RO         3167    .text               mf_w.l(fadd.o)
    0x0800c508   0x0800c508   0x00000064   Code   RO         3169    .text               mf_w.l(fmul.o)
    0x0800c56c   0x0800c56c   0x0000007c   Code   RO         3171    .text               mf_w.l(fdiv.o)
    0x0800c5e8   0x0800c5e8   0x00000018   Code   RO         3173    .text               mf_w.l(fscalb.o)
    0x0800c600   0x0800c600   0x0000014e   Code   RO         3175    .text               mf_w.l(dadd.o)
    0x0800c74e   0x0800c74e   0x000000e4   Code   RO         3177    .text               mf_w.l(dmul.o)
    0x0800c832   0x0800c832   0x000000de   Code   RO         3179    .text               mf_w.l(ddiv.o)
    0x0800c910   0x0800c910   0x0000002e   Code   RO         3181    .text               mf_w.l(dscalb.o)
    0x0800c93e   0x0800c93e   0x00000012   Code   RO         3183    .text               mf_w.l(fflti.o)
    0x0800c950   0x0800c950   0x0000000a   Code   RO         3185    .text               mf_w.l(ffltui.o)
    0x0800c95a   0x0800c95a   0x0000002c   Code   RO         3187    .text               mf_w.l(ffltl.o)
    0x0800c986   0x0800c986   0x00000022   Code   RO         3189    .text               mf_w.l(dflti.o)
    0x0800c9a8   0x0800c9a8   0x0000001a   Code   RO         3191    .text               mf_w.l(dfltui.o)
    0x0800c9c2   0x0800c9c2   0x00000028   Code   RO         3193    .text               mf_w.l(dfltl.o)
    0x0800c9ea   0x0800c9ea   0x00000018   Code   RO         3195    .text               mf_w.l(dfltul.o)
    0x0800ca02   0x0800ca02   0x00000032   Code   RO         3197    .text               mf_w.l(ffixi.o)
    0x0800ca34   0x0800ca34   0x00000028   Code   RO         3199    .text               mf_w.l(ffixui.o)
    0x0800ca5c   0x0800ca5c   0x00000032   Code   RO         3201    .text               mf_w.l(dfixui.o)
    0x0800ca8e   0x0800ca8e   0x00000030   Code   RO         3203    .text               mf_w.l(dfixul.o)
    0x0800cabe   0x0800cabe   0x00000026   Code   RO         3205    .text               mf_w.l(f2d.o)
    0x0800cae4   0x0800cae4   0x00000030   Code   RO         3207    .text               mf_w.l(cdcmple.o)
    0x0800cb14   0x0800cb14   0x00000038   Code   RO         3209    .text               mf_w.l(d2f.o)
    0x0800cb4c   0x0800cb4c   0x00000014   Code   RO         3211    .text               mf_w.l(cfrcmple.o)
    0x0800cb60   0x0800cb60   0x0000002c   Code   RO         3261    .text               mc_w.l(uidiv.o)
    0x0800cb8c   0x0800cb8c   0x00000062   Code   RO         3263    .text               mc_w.l(uldiv.o)
    0x0800cbee   0x0800cbee   0x0000001e   Code   RO         3265    .text               mc_w.l(llshl.o)
    0x0800cc0c   0x0800cc0c   0x00000024   Code   RO         3267    .text               mc_w.l(llsshr.o)
    0x0800cc30   0x0800cc30   0x00000008   Code   RO         3269    .text               mc_w.l(ctype_o.o)
    0x0800cc38   0x0800cc38   0x00000012   Code   RO         3291    .text               mc_w.l(isspace_o.o)
    0x0800cc4a   0x0800cc4a   0x0000009e   Code   RO         3304    .text               mc_w.l(_strtoul.o)
    0x0800cce8   0x0800cce8   0x0000009c   Code   RO         3306    .text               mc_w.l(strtod.o)
    0x0800cd84   0x0800cd84   0x00000070   Code   RO         3308    .text               mc_w.l(strtol.o)
    0x0800cdf4   0x0800cdf4   0x0000007c   Code   RO         3310    .text               mc_w.l(__strtoull.o)
    0x0800ce70   0x0800ce70   0x00000000   Code   RO         3312    .text               mc_w.l(iusefp.o)
    0x0800ce70   0x0800ce70   0x0000006e   Code   RO         3313    .text               mf_w.l(fepilogue.o)
    0x0800cede   0x0800cede   0x000000ba   Code   RO         3315    .text               mf_w.l(depilogue.o)
    0x0800cf98   0x0800cf98   0x000000a2   Code   RO         3317    .text               mf_w.l(dsqrt.o)
    0x0800d03a   0x0800d03a   0x00000002   PAD
    0x0800d03c   0x0800d03c   0x00000030   Code   RO         3319    .text               mf_w.l(cdrcmple.o)
    0x0800d06c   0x0800d06c   0x00000024   Code   RO         3321    .text               mc_w.l(init.o)
    0x0800d090   0x0800d090   0x0000001c   Code   RO         3325    .text               mc_w.l(_chval.o)
    0x0800d0ac   0x0800d0ac   0x00000360   Code   RO         3327    .text               mc_w.l(scanf_fp.o)
    0x0800d40c   0x0800d40c   0x00000040   Code   RO         3331    .text               mc_w.l(_sgetc.o)
    0x0800d44c   0x0800d44c   0x000000c2   Code   RO         3333    .text               mc_w.l(_strtoull.o)
    0x0800d50e   0x0800d50e   0x00000056   Code   RO         3346    .text               mc_w.l(__dczerorl2.o)
    0x0800d564   0x0800d564   0x00000020   Code   RO         3133    i.__0printf         mc_w.l(printfa.o)
    0x0800d584   0x0800d584   0x00000030   Code   RO         3134    i.__0snprintf       mc_w.l(printfa.o)
    0x0800d5b4   0x0800d5b4   0x00000028   Code   RO         3135    i.__0sprintf        mc_w.l(printfa.o)
    0x0800d5dc   0x0800d5dc   0x00000028   Code   RO         3227    i.__ARM_fpclassify  m_ws.l(fpclassify.o)
    0x0800d604   0x0800d604   0x00000008   Code   RO         3297    i.__aeabi_errno_addr  mc_w.l(errno.o)
    0x0800d60c   0x0800d60c   0x000000aa   Code   RO         3243    i.__kernel_poly     m_ws.l(poly.o)
    0x0800d6b6   0x0800d6b6   0x00000002   PAD
    0x0800d6b8   0x0800d6b8   0x00000010   Code   RO         3213    i.__mathlib_dbl_divzero  m_ws.l(dunder.o)
    0x0800d6c8   0x0800d6c8   0x00000006   Code   RO         3214    i.__mathlib_dbl_infnan  m_ws.l(dunder.o)
    0x0800d6ce   0x0800d6ce   0x00000004   Code   RO         3215    i.__mathlib_dbl_infnan2  m_ws.l(dunder.o)
    0x0800d6d2   0x0800d6d2   0x0000000c   Code   RO         3216    i.__mathlib_dbl_invalid  m_ws.l(dunder.o)
    0x0800d6de   0x0800d6de   0x0000000e   Code   RO         3217    i.__mathlib_dbl_overflow  m_ws.l(dunder.o)
    0x0800d6ec   0x0800d6ec   0x00000010   Code   RO         3219    i.__mathlib_dbl_underflow  m_ws.l(dunder.o)
    0x0800d6fc   0x0800d6fc   0x0000000a   Code   RO         3229    i.__mathlib_flt_divzero  m_ws.l(funder.o)
    0x0800d706   0x0800d706   0x00000006   Code   RO         3230    i.__mathlib_flt_infnan  m_ws.l(funder.o)
    0x0800d70c   0x0800d70c   0x00000008   Code   RO         3232    i.__mathlib_flt_invalid  m_ws.l(funder.o)
    0x0800d714   0x0800d714   0x0000000c   Code   RO         3298    i.__read_errno      mc_w.l(errno.o)
    0x0800d720   0x0800d720   0x0000000e   Code   RO         3340    i.__scatterload_copy  mc_w.l(handlers.o)
    0x0800d72e   0x0800d72e   0x00000002   Code   RO         3341    i.__scatterload_null  mc_w.l(handlers.o)
    0x0800d730   0x0800d730   0x0000000e   Code   RO         3342    i.__scatterload_zeroinit  mc_w.l(handlers.o)
    0x0800d73e   0x0800d73e   0x00000002   PAD
    0x0800d740   0x0800d740   0x0000000c   Code   RO         3299    i.__set_errno       mc_w.l(errno.o)
    0x0800d74c   0x0800d74c   0x00000184   Code   RO         3140    i._fp_digits        mc_w.l(printfa.o)
    0x0800d8d0   0x0800d8d0   0x0000000e   Code   RO         3329    i._is_digit         mc_w.l(scanf_fp.o)
    0x0800d8de   0x0800d8de   0x00000002   PAD
    0x0800d8e0   0x0800d8e0   0x000006dc   Code   RO         3141    i._printf_core      mc_w.l(printfa.o)
    0x0800dfbc   0x0800dfbc   0x00000024   Code   RO         3142    i._printf_post_padding  mc_w.l(printfa.o)
    0x0800dfe0   0x0800dfe0   0x0000002e   Code   RO         3143    i._printf_pre_padding  mc_w.l(printfa.o)
    0x0800e00e   0x0800e00e   0x00000016   Code   RO         3144    i._snputc           mc_w.l(printfa.o)
    0x0800e024   0x0800e024   0x0000000a   Code   RO         3145    i._sputc            mc_w.l(printfa.o)
    0x0800e02e   0x0800e02e   0x00000002   PAD
    0x0800e030   0x0800e030   0x00000270   Code   RO         2834    i.asin              m_ws.l(asin.o)
    0x0800e2a0   0x0800e2a0   0x0000002a   Code   RO         2844    i.atof              m_ws.l(atof.o)
    0x0800e2ca   0x0800e2ca   0x00000002   PAD
    0x0800e2cc   0x0800e2cc   0x00000078   Code   RO         2848    i.ceilf             m_ws.l(ceilf.o)
    0x0800e344   0x0800e344   0x000001b4   Code   RO         2852    i.log10f            m_ws.l(log10f.o)
    0x0800e4f8   0x0800e4f8   0x000009d8   Code   RO         2862    i.pow               m_ws.l(pow.o)
    0x0800eed0   0x0800eed0   0x0000004c   Code   RO         2872    i.sqrt              m_ws.l(sqrt.o)
    0x0800ef1c   0x0800ef1c   0x000000f0   Data   RO           64    .constdata          cmd_fn.o
    0x0800f00c   0x0800f00c   0x0000000e   Data   RO          742    .constdata          deca_device.o
    0x0800f01a   0x0800f01a   0x00000818   Data   RO          847    .constdata          oled_i2c.o
    0x0800f832   0x0800f832   0x00000012   Data   RO          951    .constdata          usb_desc.o
    0x0800f844   0x0800f844   0x00000043   Data   RO          952    .constdata          usb_desc.o
    0x0800f887   0x0800f887   0x00000004   Data   RO          953    .constdata          usb_desc.o
    0x0800f88b   0x0800f88b   0x00000018   Data   RO          954    .constdata          usb_desc.o
    0x0800f8a3   0x0800f8a3   0x00000026   Data   RO          955    .constdata          usb_desc.o
    0x0800f8c9   0x0800f8c9   0x00000007   PAD
    0x0800f8d0   0x0800f8d0   0x00000050   Data   RO         2835    .constdata          m_ws.l(asin.o)
    0x0800f920   0x0800f920   0x00000040   Data   RO         2853    .constdata          m_ws.l(log10f.o)
    0x0800f960   0x0800f960   0x00000088   Data   RO         2863    .constdata          m_ws.l(pow.o)
    0x0800f9e8   0x0800f9e8   0x00000008   Data   RO         3245    .constdata          m_ws.l(qnan.o)
    0x0800f9f0   0x0800f9f0   0x00000081   Data   RO         3270    .constdata          mc_w.l(ctype_o.o)
    0x0800fa71   0x0800fa71   0x00000003   PAD
    0x0800fa74   0x0800fa74   0x00000004   Data   RO         3271    .constdata          mc_w.l(ctype_o.o)
    0x0800fa78   0x0800fa78   0x0000016a   Data   RO           65    .conststring        cmd_fn.o
    0x0800fbe2   0x0800fbe2   0x00000002   PAD
    0x0800fbe4   0x0800fbe4   0x000001c9   Data   RO           66    .conststring        cmd_fn.o
    0x0800fdad   0x0800fdad   0x00000003   PAD
    0x0800fdb0   0x0800fdb0   0x0000003f   Data   RO         2258    .conststring        aitcmd.lib(ait_cmd.o)
    0x0800fdef   0x0800fdef   0x00000001   PAD
    0x0800fdf0   0x0800fdf0   0x00000043   Data   RO         2717    .conststring        twr.lib(config.o)
    0x0800fe33   0x0800fe33   0x00000001   PAD
    0x0800fe34   0x0800fe34   0x00000020   Data   RO         3338    Region$$Table       anon$$obj.o


    Execution Region RW_IRAM1 (Exec base: 0x20000000, Load base: 0x0800fe54, Size: 0x000034e8, Max: 0x00005000, ABSOLUTE, COMPRESSED[0x000003dc])

    Exec Addr    Load Addr    Size         Type   Attr      Idx    E Section Name        Object

    0x20000000   COMPRESSED   0x00000004   Data   RW           67    .data               cmd_fn.o
    0x20000004   COMPRESSED   0x00000ccc   Data   RW          236    .data               generic.o
    0x20000cd0   COMPRESSED   0x00000004   Data   RW          298    .data               generic_cmd.o
    0x20000cd4   COMPRESSED   0x00000001   Data   RW          340    .data               user_out.o
    0x20000cd5   COMPRESSED   0x00000003   PAD
    0x20000cd8   COMPRESSED   0x0000000c   Data   RW          375    .data               app_smart_lock.o
    0x20000ce4   COMPRESSED   0x00000012   Data   RW          504    .data               hal_led.o
    0x20000cf6   COMPRESSED   0x00000002   PAD
    0x20000cf8   COMPRESSED   0x00000004   Data   RW          566    .data               hal_timer.o
    0x20000cfc   COMPRESSED   0x00000001   Data   RW          597    .data               hal_usart.o
    0x20000cfd   COMPRESSED   0x00000023   Data   RW          711    .data               hal_gps.o
    0x20000d20   COMPRESSED   0x00000004   Data   RW          743    .data               deca_device.o
    0x20000d24   COMPRESSED   0x00000101   Data   RW          848    .data               oled_i2c.o
    0x20000e25   COMPRESSED   0x00000003   PAD
    0x20000e28   COMPRESSED   0x00000008   Data   RW          883    .data               hw_config.o
    0x20000e30   COMPRESSED   0x00000026   Data   RW          956    .data               usb_desc.o
    0x20000e56   COMPRESSED   0x00000002   PAD
    0x20000e58   COMPRESSED   0x00000008   Data   RW          982    .data               usb_endp.o
    0x20000e60   COMPRESSED   0x0000000c   Data   RW         1011    .data               usb_istr.o
    0x20000e6c   COMPRESSED   0x0000001c   Data   RW         1012    .data               usb_istr.o
    0x20000e88   COMPRESSED   0x0000001c   Data   RW         1013    .data               usb_istr.o
    0x20000ea4   COMPRESSED   0x0000006c   Data   RW         1073    .data               usb_prop.o
    0x20000f10   COMPRESSED   0x00000002   Data   RW         1074    .data               usb_prop.o
    0x20000f12   COMPRESSED   0x00000002   PAD
    0x20000f14   COMPRESSED   0x00000024   Data   RW         1075    .data               usb_prop.o
    0x20000f38   COMPRESSED   0x00000004   Data   RW         1111    .data               usb_pwr.o
    0x20000f3c   COMPRESSED   0x00000001   Data   RW         1112    .data               usb_pwr.o
    0x20000f3d   COMPRESSED   0x00000003   PAD
    0x20000f40   COMPRESSED   0x00000008   Data   RW         1113    .data               usb_pwr.o
    0x20000f48   COMPRESSED   0x00000004   Data   RW         1144    .data               usb_core.o
    0x20000f4c   COMPRESSED   0x00000001   Data   RW         1200    .data               usb_init.o
    0x20000f4d   COMPRESSED   0x00000003   PAD
    0x20000f50   COMPRESSED   0x0000000c   Data   RW         1201    .data               usb_init.o
    0x20000f5c   COMPRESSED   0x00000002   Data   RW         1203    .data               usb_init.o
    0x20000f5e   COMPRESSED   0x00000004   Data   RW         1237    .data               usb_int.o
    0x20000f62   COMPRESSED   0x00000002   PAD
    0x20000f64   COMPRESSED   0x00000004   Data   RW         1346    .data               lis2dh12.o
    0x20000f68   COMPRESSED   0x00000004   Data   RW         1409    .data               stm32f10x_it.o
    0x20000f6c   COMPRESSED   0x00000004   PAD
    0x20000f70   COMPRESSED   0x0000005b   Data   RW         1618    .data               ds_twr_sts_sdc_init.o
    0x20000fcb   COMPRESSED   0x00000014   Data   RW         2048    .data               stm32f10x_rcc.o
    0x20000fdf   COMPRESSED   0x00000001   PAD
    0x20000fe0   COMPRESSED   0x00000014   Data   RW         2227    .data               system_stm32f10x.o
    0x20000ff4   COMPRESSED   0x00000010   Data   RW         2259    .data               aitcmd.lib(ait_cmd.o)
    0x20001004   COMPRESSED   0x00000010   Data   RW         2260    .data               aitcmd.lib(ait_cmd.o)
    0x20001014   COMPRESSED   0x00000010   Data   RW         2261    .data               aitcmd.lib(ait_cmd.o)
    0x20001024   COMPRESSED   0x00000010   Data   RW         2262    .data               aitcmd.lib(ait_cmd.o)
    0x20001034   COMPRESSED   0x00000010   Data   RW         2263    .data               aitcmd.lib(ait_cmd.o)
    0x20001044   COMPRESSED   0x00000010   Data   RW         2264    .data               aitcmd.lib(ait_cmd.o)
    0x20001054   COMPRESSED   0x00000010   Data   RW         2265    .data               aitcmd.lib(ait_cmd.o)
    0x20001064   COMPRESSED   0x00000010   Data   RW         2266    .data               aitcmd.lib(ait_cmd.o)
    0x20001074   COMPRESSED   0x00000010   Data   RW         2267    .data               aitcmd.lib(ait_cmd.o)
    0x20001084   COMPRESSED   0x00000010   Data   RW         2268    .data               aitcmd.lib(ait_cmd.o)
    0x20001094   COMPRESSED   0x00000010   Data   RW         2269    .data               aitcmd.lib(ait_cmd.o)
    0x200010a4   COMPRESSED   0x00000010   Data   RW         2270    .data               aitcmd.lib(ait_cmd.o)
    0x200010b4   COMPRESSED   0x00000010   Data   RW         2271    .data               aitcmd.lib(ait_cmd.o)
    0x200010c4   COMPRESSED   0x00000010   Data   RW         2272    .data               aitcmd.lib(ait_cmd.o)
    0x200010d4   COMPRESSED   0x00000010   Data   RW         2273    .data               aitcmd.lib(ait_cmd.o)
    0x200010e4   COMPRESSED   0x00000010   Data   RW         2274    .data               aitcmd.lib(ait_cmd.o)
    0x200010f4   COMPRESSED   0x00000010   Data   RW         2275    .data               aitcmd.lib(ait_cmd.o)
    0x20001104   COMPRESSED   0x00000010   Data   RW         2276    .data               aitcmd.lib(ait_cmd.o)
    0x20001114   COMPRESSED   0x00000010   Data   RW         2277    .data               aitcmd.lib(ait_cmd.o)
    0x20001124   COMPRESSED   0x00000010   Data   RW         2278    .data               aitcmd.lib(ait_cmd.o)
    0x20001134   COMPRESSED   0x00000010   Data   RW         2279    .data               aitcmd.lib(ait_cmd.o)
    0x20001144   COMPRESSED   0x00000010   Data   RW         2280    .data               aitcmd.lib(ait_cmd.o)
    0x20001154   COMPRESSED   0x00000010   Data   RW         2281    .data               aitcmd.lib(ait_cmd.o)
    0x20001164   COMPRESSED   0x00000010   Data   RW         2282    .data               aitcmd.lib(ait_cmd.o)
    0x20001174   COMPRESSED   0x00000010   Data   RW         2283    .data               aitcmd.lib(ait_cmd.o)
    0x20001184   COMPRESSED   0x00000010   Data   RW         2284    .data               aitcmd.lib(ait_cmd.o)
    0x20001194   COMPRESSED   0x00000010   Data   RW         2285    .data               aitcmd.lib(ait_cmd.o)
    0x200011a4   COMPRESSED   0x00000010   Data   RW         2286    .data               aitcmd.lib(ait_cmd.o)
    0x200011b4   COMPRESSED   0x00000010   Data   RW         2287    .data               aitcmd.lib(ait_cmd.o)
    0x200011c4   COMPRESSED   0x00000010   Data   RW         2288    .data               aitcmd.lib(ait_cmd.o)
    0x200011d4   COMPRESSED   0x00000010   Data   RW         2289    .data               aitcmd.lib(ait_cmd.o)
    0x200011e4   COMPRESSED   0x00000010   Data   RW         2290    .data               aitcmd.lib(ait_cmd.o)
    0x200011f4   COMPRESSED   0x00000010   Data   RW         2291    .data               aitcmd.lib(ait_cmd.o)
    0x20001204   COMPRESSED   0x000000fc   Data   RW         2292    .data               aitcmd.lib(ait_cmd.o)
    0x20001300   COMPRESSED   0x00000008   Data   RW         2554    .data               pdoa.lib(tag_list.o)
    0x20001308   COMPRESSED   0x00000014   Data   RW         2605    .data               twr.lib(node.o)
    0x2000131c   COMPRESSED   0x00000004   Data   RW         2679    .data               twr.lib(uwb.o)
    0x20001320   COMPRESSED   0x00000004   Data   RW         2718    .data               twr.lib(config.o)
    0x20001324   COMPRESSED   0x0000000c   Data   RW         2762    .data               twr.lib(config_options.o)
    0x20001330   COMPRESSED   0x0000000e   Data   RW         2764    .data               twr.lib(config_options.o)
    0x2000133e   COMPRESSED   0x00000002   PAD
    0x20001340   COMPRESSED   0x00000004   Data   RW         3260    .data               mc_w.l(stdout.o)
    0x20001344   COMPRESSED   0x00000004   Data   RW         3300    .data               mc_w.l(errno.o)
    0x20001348        -       0x000001d8   Zero   RW          297    .bss                generic_cmd.o
    0x20001520        -       0x00000010   Zero   RW          339    .bss                user_out.o
    0x20001530        -       0x00000050   Zero   RW          374    .bss                app_smart_lock.o
    0x20001580        -       0x00000080   Zero   RW          710    .bss                hal_gps.o
    0x20001600        -       0x00000140   Zero   RW          741    .bss                deca_device.o
    0x20001740        -       0x00000230   Zero   RW          880    .bss                hw_config.o
    0x20001970        -       0x00000080   Zero   RW          981    .bss                usb_endp.o
    0x200019f0        -       0x00000020   Zero   RW         1110    .bss                usb_pwr.o
    0x20001a10        -       0x0000001c   Zero   RW         1199    .bss                usb_init.o
    0x20001a2c        -       0x00000018   Zero   RW         1617    .bss                ds_twr_sts_sdc_init.o
    0x20001a44        -       0x00000131   Zero   RW         2257    .bss                aitcmd.lib(ait_cmd.o)
    0x20001b75   COMPRESSED   0x00000003   PAD
    0x20001b78        -       0x000006d0   Zero   RW         2604    .bss                twr.lib(node.o)
    0x20002248        -       0x000002a0   Zero   RW         2780    .bss                twr.lib(tag.o)
    0x200024e8        -       0x00001000   Zero   RW         2216    STACK               startup_stm32f10x_md.o


==============================================================================

Image component sizes


      Code (inc. data)   RO Data    RW Data    ZI Data      Debug   Object Name

       872        342          0         12         80       3683   app_smart_lock.o
       316         24          0          0          0       7162   cmd.o
      3120        528       1059          4          0     342039   cmd_fn.o
      9516        418         14          4        320      51882   deca_device.o
        52          0          0          0          0      25854   deca_mutex.o
       700         76          0         91         24       3704   ds_twr_sts_sdc_init.o
       532        142          0       3276          0       4955   generic.o
       768         22          0          4        472       5648   generic_cmd.o
       122          0          0          0          0       1624   hal_flash.o
       384         22          0         35        128       2728   hal_gps.o
       720        114          0          0          0       1791   hal_iic.o
       380         18          0         18          0       3478   hal_led.o
       176         10          0          0          0        811   hal_servo.o
       276          8          0          4          0      27357   hal_timer.o
       360         28          0          1          0       4184   hal_usart.o
        30          0          0          0          0       4184   hal_usb.o
       408         30          0          8        560       5933   hw_config.o
      1024         74          0          4          0       3554   lis2dh12.o
       528         76          0          0          0       2509   main.o
       176         14          0          0          0       1989   misc.o
      1180        116       2072        257          0       5134   oled_i2c.o
       982          0          0          0          0       5995   queue.o
        36          8        236          0       4096        832   startup_stm32f10x_md.o
       456         10          0          0          0       4774   stm32f10x_dma.o
       232          8          0          0          0       2491   stm32f10x_exti.o
      1148         22          0          0          0       9292   stm32f10x_flash.o
       620         36          0          0          0       5953   stm32f10x_gpio.o
       808         14          0          0          0       9759   stm32f10x_i2c.o
        44         10          0          4          0       1943   stm32f10x_it.o
        60          6          0          0          0       1353   stm32f10x_iwdg.o
       692         32          0         20          0       9100   stm32f10x_rcc.o
       628         14          0          0          0       7090   stm32f10x_spi.o
      2804         86          0          0          0      23074   stm32f10x_tim.o
       808         22          0          0          0       8872   stm32f10x_usart.o
       340         32          0         20          0       1975   system_stm32f10x.o
      1992         88          0          4          0      20133   usb_core.o
         0          0        151         38          0       1151   usb_desc.o
       180         12          0          8        128       1756   usb_endp.o
        40         18          0         15         28       4174   usb_init.o
       452         28          0          4          0       1939   usb_int.o
       336         26          0         68          0       1727   usb_istr.o
        12          0          0          0          0        598   usb_it.o
        72          6          0          0          0       1450   usb_mem.o
       500         22          0        146          0       7387   usb_prop.o
       432         36          0         13         32       3105   usb_pwr.o
      1712         28          0          0          0      11447   usb_regs.o
       108         10          0          0          0       1474   usb_sil.o
       344         94          0          1         16       4568   user_out.o

    ----------------------------------------------------------------------
     37484       2730       3576       4084       5884     663615   Object Totals
         0          0         32          0          0          0   (incl. Generated)
         6          0         12         25          0          0   (incl. Padding)

    ----------------------------------------------------------------------

      Code (inc. data)   RO Data    RW Data    ZI Data      Debug   Library Member Name

      4236        960         63        780        305     288548   ait_cmd.o
       624         52         80          0          0        168   asin.o
        42          0          0          0          0         84   atof.o
       120         10          0          0          0         84   ceilf.o
        68         10          0          0          0        408   dunder.o
        40          0          0          0          0         68   fpclassify.o
        24          0          0          0          0        204   funder.o
       436         52         64          0          0        132   log10f.o
       170          0          0          0          0         96   poly.o
      2520        190        136          0          0        324   pow.o
         0          0          8          0          0          0   qnan.o
        76          0          0          0          0         84   sqrt.o
        86          0          0          0          0          0   __dczerorl2.o
       124          0          0          0          0         92   __strtoull.o
        28          0          0          0          0         68   _chval.o
        64          0          0          0          0         84   _sgetc.o
       158          0          0          0          0         92   _strtoul.o
       194          0          0          0          0         96   _strtoull.o
        26          0          0          0          0         80   atoi.o
         8          4        133          0          0         68   ctype_o.o
         0          0          0          0          0          0   entry.o
         0          0          0          0          0          0   entry10a.o
         0          0          0          0          0          0   entry11a.o
         8          4          0          0          0          0   entry2.o
         4          0          0          0          0          0   entry5.o
         0          0          0          0          0          0   entry7b.o
         0          0          0          0          0          0   entry8b.o
         8          4          0          0          0          0   entry9a.o
        32         16          0          4          0        204   errno.o
        30          0          0          0          0          0   handlers.o
        36          8          0          0          0         68   init.o
        18          0          0          0          0         76   isspace_o.o
         0          0          0          0          0          0   iusefp.o
        30          0          0          0          0         68   llshl.o
        36          0          0          0          0         68   llsshr.o
        32          0          0          0          0         68   llushr.o
        26          0          0          0          0         80   memcmp.o
        36          0          0          0          0         68   memcpya.o
        36          0          0          0          0        108   memseta.o
      2378        100          0          0          0        756   printfa.o
       878         12          0          0          0        216   scanf_fp.o
         0          0          0          4          0          0   stdout.o
        14          0          0          0          0         68   strlen.o
        36          0          0          0          0         80   strstr.o
       156         12          0          0          0        120   strtod.o
       112          0          0          0          0         88   strtol.o
       114          0          0          0          0         92   strtoul.o
         4          0          0          0          0         68   strtoull.o
        12          0          0          0          0         68   toupper.o
        44          0          0          0          0         80   uidiv.o
        98          0          0          0          0         92   uldiv.o
        48          0          0          0          0         68   cdcmple.o
        48          0          0          0          0         68   cdrcmple.o
        20          0          0          0          0         68   cfrcmple.o
        56          0          0          0          0         88   d2f.o
       334          0          0          0          0        148   dadd.o
       222          0          0          0          0        100   ddiv.o
       186          0          0          0          0        176   depilogue.o
        50          0          0          0          0         76   dfixui.o
        48          0          0          0          0         68   dfixul.o
        34          0          0          0          0         76   dflti.o
        40          0          0          0          0         80   dfltl.o
        26          0          0          0          0         76   dfltui.o
        24          0          0          0          0         76   dfltul.o
       228          0          0          0          0         96   dmul.o
        46          0          0          0          0         80   dscalb.o
       162          0          0          0          0        100   dsqrt.o
        38          0          0          0          0         68   f2d.o
       176          0          0          0          0        140   fadd.o
       124          0          0          0          0         88   fdiv.o
       110          0          0          0          0        168   fepilogue.o
        50          0          0          0          0         68   ffixi.o
        40          0          0          0          0         68   ffixui.o
        18          0          0          0          0         68   fflti.o
        44          0          0          0          0         92   ffltl.o
        10          0          0          0          0         68   ffltui.o
       100          0          0          0          0         76   fmul.o
        24          0          0          0          0         68   fscalb.o
       656         96          0          0          0       5682   osal.o
       676         46          0          0          0       4587   shared_functions.o
       440         10          0          8          0      16524   tag_list.o
        92         32         67          4          0       8602   config.o
         0          0          0         26          0        732   config_options.o
       464         62          0          0          0       1429   msg_time.o
      2520        238          0         20       1744      11395   node.o
      2246        172          0          0        672       9994   tag.o
       200         36          0          0          0       1966   util.o
       656         22          0          4          0      30288   uwb.o

    ----------------------------------------------------------------------
     23492       2148        556        852       2724     386931   Library Totals
        14          0          5          2          3          0   (incl. Padding)

    ----------------------------------------------------------------------

      Code (inc. data)   RO Data    RW Data    ZI Data      Debug   Library Name

      4236        960         63        780        305     288548   aitcmd.lib
      4120        314        288          0          0       1652   m_ws.l
      4866        160        133          8          0       3116   mc_w.l
      2306          0          0          0          0       2416   mf_w.l
       656         96          0          0          0       5682   os.lib
      1116         56          0          8          0      21111   pdoa.lib
      6178        562         67         54       2416      64406   twr.lib

    ----------------------------------------------------------------------
     23492       2148        556        852       2724     386931   Library Totals

    ----------------------------------------------------------------------

==============================================================================


      Code (inc. data)   RO Data    RW Data    ZI Data      Debug   

     60976       4878       4132       4936       8608    1039026   Grand Totals
     60976       4878       4132        988       8608    1039026   ELF Image Totals (compressed)
     60976       4878       4132        988          0          0   ROM Totals

==============================================================================

    Total RO  Size (Code + RO Data)                65108 (  63.58kB)
    Total RW  Size (RW Data + ZI Data)             13544 (  13.23kB)
    Total ROM Size (Code + RO Data + RW Data)      66096 (  64.55kB)

==============================================================================

